patterns:
    - NAME
    - example\s+-\s+an\s+example
    - SYNOPSIS
    - -f
    - -l
